<html>
<body>
<pre>
<h1>µVision Build Log</h1>
<h2>Project:</h2>
C:\Users\jnetterf\se350\os.uvproj
Project File Date:  03/05/2015

<h2>Output:</h2>
Build target 'UART0_IRQ SIM'
compiling list.c...
src\util\list.c(9): error:  #5: cannot open source input file "../util/uart_polling.h": No such file or directory
assembling startup_LPC17xx.s...
compiling system_LPC17xx.c...
compiling crt.c...
src\sys\crt.c(8): error:  #5: cannot open source input file "../util/uart_polling.h": No such file or directory
compiling hal.c...
compiling isr.c...
compiling timer.c...
compiling uart_polling.c...
compiling main.c...
src\core\main.c(14): error:  #5: cannot open source input file "../util/uart_polling.h": No such file or directory
compiling ipc.c...
src\core\ipc.c(8): error:  #5: cannot open source input file "../util/uart_polling.h": No such file or directory
compiling mem.c...
src\core\mem.c(12): error:  #5: cannot open source input file "../util/uart_polling.h": No such file or directory
compiling process.c...
src\core\process.c(14): error:  #5: cannot open source input file "../user/null.h": No such file or directory
compiling scheduler.c...
src\core\scheduler.c(7): error:  #5: cannot open source input file "../util/uart_polling.h": No such file or directory
compiling test_procs_p2.c...
src\user\uart_polling.h(1): error:  #5: cannot open source input file "../util/uart_polling.h": No such file or directory
compiling null.c...
src\sysproc\null.c(4): error:  #5: cannot open source input file "../util/uart_polling.h": No such file or directory
Target not created
Build target 'UART0_IRQ SIM'
compiling list.c...
compiling crt.c...
compiling main.c...
compiling ipc.c...
compiling mem.c...
compiling process.c...
compiling scheduler.c...
compiling test_procs_p2.c...
compiling null.c...
linking...
Program Size: Code=6492 RO-data=236 RW-data=164 ZI-data=1212  
"UART_irq.axf" - 0 Error(s), 0 Warning(s).
