<html>
<body>
<pre>
<h1>µVision Build Log</h1>
<h2>Project:</h2>
C:\Users\jnetterf\se350\os.uvproj
Project File Date:  03/05/2015

<h2>Output:</h2>
Build target 'UART0_IRQ SIM'
compiling list.c...
compiling map.c...
src\util\map.c(6): error:  #268: declaration may not appear after executable statement in block
src\util\map.c(17): error:  #268: declaration may not appear after executable statement in block
src\util\map.c(22): warning:  #940-D: missing return statement at end of non-void function "map_is_in"
src\util\map.c(23): error:  #169: expected a declaration
src\util\map.c(24): error:  #169: expected a declaration
src\util\map.c(53): warning: At end of source:  #12-D: parsing restarts here after previous syntax error
compiling string.c...
assembling startup_LPC17xx.s...
compiling system_LPC17xx.c...
compiling crt.c...
src\sys\crt.c(149): warning:  #177-D: variable "receive_pid" was declared but never referenced
compiling hal.c...
compiling isr.c...
compiling timer.c...
compiling uart_polling.c...
compiling main.c...
compiling ipc.c...
compiling mem.c...
compiling process.c...
compiling scheduler.c...
compiling test_procs_p2.c...
compiling null.c...
compiling kcd.c...
src\sysproc\kcd.c(12): error:  #18: expected a ")"
src\sysproc\kcd.c(16): warning:  #1293-D: assignment in condition
src\sysproc\kcd.c(42): error:  #20: identifier "TODO" is undefined
src\sysproc\kcd.c(43): error:  #65: expected a ";"
src\sysproc\kcd.c(46): error:  #165: too few arguments in function call
Target not created
Build target 'UART0_IRQ SIM'
compiling map.c...
src\util\map.c(22): warning:  #940-D: missing return statement at end of non-void function "map_is_in"
src\util\map.c(23): error:  #169: expected a declaration
src\util\map.c(24): error:  #169: expected a declaration
src\util\map.c(53): warning: At end of source:  #12-D: parsing restarts here after previous syntax error
compiling kcd.c...
src\sysproc\kcd.c(12): error:  #18: expected a ")"
src\sysproc\kcd.c(16): warning:  #1293-D: assignment in condition
src\sysproc\kcd.c(42): error:  #20: identifier "TODO" is undefined
src\sysproc\kcd.c(43): error:  #65: expected a ";"
src\sysproc\kcd.c(46): error:  #165: too few arguments in function call
Target not created
Build target 'UART0_IRQ SIM'
compiling map.c...
src\util\map.c(22): warning:  #940-D: missing return statement at end of non-void function "map_is_in"
src\util\map.c(23): error:  #169: expected a declaration
src\util\map.c(24): error:  #169: expected a declaration
src\util\map.c(53): warning: At end of source:  #12-D: parsing restarts here after previous syntax error
compiling kcd.c...
src\sysproc\kcd.c(12): error:  #18: expected a ")"
src\sysproc\kcd.c(16): warning:  #1293-D: assignment in condition
src\sysproc\kcd.c(42): error:  #20: identifier "TODO" is undefined
src\sysproc\kcd.c(43): error:  #65: expected a ";"
src\sysproc\kcd.c(46): error:  #165: too few arguments in function call
Target not created
Build target 'UART0_IRQ SIM'
compiling map.c...
compiling kcd.c...
src\sysproc\kcd.c(12): error:  #18: expected a ")"
src\sysproc\kcd.c(16): warning:  #1293-D: assignment in condition
src\sysproc\kcd.c(42): error:  #20: identifier "TODO" is undefined
src\sysproc\kcd.c(43): error:  #65: expected a ";"
src\sysproc\kcd.c(46): error:  #165: too few arguments in function call
Target not created
Build target 'UART0_IRQ SIM'
compiling kcd.c...
src\sysproc\kcd.c(12): error:  #18: expected a ")"
src\sysproc\kcd.c(16): warning:  #1293-D: assignment in condition
src\sysproc\kcd.c(42): error:  #20: identifier "TODO" is undefined
src\sysproc\kcd.c(43): error:  #65: expected a ";"
src\sysproc\kcd.c(46): error:  #165: too few arguments in function call
Target not created
Build target 'UART0_IRQ SIM'
compiling kcd.c...
src\sysproc\kcd.c(12): error:  #18: expected a ")"
src\sysproc\kcd.c(16): warning:  #1293-D: assignment in condition
src\sysproc\kcd.c(42): error:  #20: identifier "TODO" is undefined
src\sysproc\kcd.c(43): error:  #65: expected a ";"
src\sysproc\kcd.c(46): error:  #165: too few arguments in function call
Target not created
Build target 'UART0_IRQ SIM'
compiling kcd.c...
src\sysproc\kcd.c(12): error:  #18: expected a ")"
src\sysproc\kcd.c(16): warning:  #1293-D: assignment in condition
src\sysproc\kcd.c(42): error:  #20: identifier "TODO" is undefined
src\sysproc\kcd.c(43): error:  #65: expected a ";"
src\sysproc\kcd.c(46): error:  #165: too few arguments in function call
Target not created
Build target 'UART0_IRQ SIM'
compiling kcd.c...
src\sysproc\kcd.c(16): warning:  #1293-D: assignment in condition
src\sysproc\kcd.c(42): error:  #20: identifier "TODO" is undefined
src\sysproc\kcd.c(43): error:  #65: expected a ";"
src\sysproc\kcd.c(46): error:  #165: too few arguments in function call
Target not created
Build target 'UART0_IRQ SIM'
compiling kcd.c...
src\sysproc\kcd.c(16): warning:  #1293-D: assignment in condition
src\sysproc\kcd.c(46): error:  #167: argument of type "Map" is incompatible with parameter of type "Map *"
src\sysproc\kcd.c(47): error:  #167: argument of type "Map" is incompatible with parameter of type "Map *"
Target not created
Build target 'UART0_IRQ SIM'
compiling kcd.c...
src\sysproc\kcd.c(16): warning:  #1293-D: assignment in condition
linking...
Program Size: Code=7176 RO-data=236 RW-data=164 ZI-data=9660  
"UART_irq.axf" - 0 Error(s), 1 Warning(s).
Build target 'UART0_IRQ SIM'
compiling kcd.c...
src\sysproc\kcd.c(16): warning:  #1293-D: assignment in condition
src\sysproc\kcd.c(55): warning:  #167-D: argument of type "char *" is incompatible with parameter of type "const unsigned char *"
linking...
Program Size: Code=7160 RO-data=236 RW-data=164 ZI-data=9660  
"UART_irq.axf" - 0 Error(s), 2 Warning(s).
Build target 'UART0_IRQ SIM'
compiling kcd.c...
src\sysproc\kcd.c(16): warning:  #1293-D: assignment in condition
linking...
Program Size: Code=7160 RO-data=236 RW-data=164 ZI-data=9660  
"UART_irq.axf" - 0 Error(s), 1 Warning(s).
Build target 'UART0_IRQ SIM'
linking...
Program Size: Code=7160 RO-data=236 RW-data=164 ZI-data=9660  
"UART_irq.axf" - 0 Error(s), 0 Warning(s).
Build target 'UART0_IRQ SIM'
compiling string.c...
linking...
Program Size: Code=7152 RO-data=236 RW-data=164 ZI-data=9660  
"UART_irq.axf" - 0 Error(s), 0 Warning(s).
Build target 'UART0_IRQ SIM'
compiling crt.c...
src\sys\crt.c(149): warning:  #177-D: variable "receive_pid" was declared but never referenced
linking...
Program Size: Code=7148 RO-data=236 RW-data=164 ZI-data=9660  
"UART_irq.axf" - 0 Error(s), 1 Warning(s).
Build target 'UART0_IRQ SIM'
compiling kcd.c...
src\sysproc\kcd.c(16): warning:  #1293-D: assignment in condition
src\sysproc\kcd.c(55): error:  #18: expected a ")"
Target not created
Build target 'UART0_IRQ SIM'
compiling kcd.c...
src\sysproc\kcd.c(16): warning:  #1293-D: assignment in condition
linking...
Program Size: Code=7184 RO-data=236 RW-data=164 ZI-data=9660  
"UART_irq.axf" - 0 Error(s), 1 Warning(s).
Build target 'UART0_IRQ SIM'
compiling test_procs_p1.c...
src\user\test_procs_p1.c(5): error:  #5: cannot open source input file "../proc/process.h": No such file or directory
Target not created
Build target 'UART0_IRQ SIM'
compiling test_procs_p1.c...
src\user\test_procs_p1.c(39): error:  #20: identifier "STACK_SIZE" is undefined
Target not created
Build target 'UART0_IRQ SIM'
compiling test_procs_p1.c...
src\user\test_procs_p1.c(5): error:  #5: cannot open source input file "../sys/process.h": No such file or directory
Target not created
Build target 'UART0_IRQ SIM'
compiling test_procs_p1.c...
linking...
Program Size: Code=7072 RO-data=236 RW-data=164 ZI-data=9660  
"UART_irq.axf" - 0 Error(s), 0 Warning(s).
Build target 'UART0_IRQ SIM'
compiling test_procs_p1.c...
linking...
Program Size: Code=7072 RO-data=236 RW-data=164 ZI-data=9660  
"UART_irq.axf" - 0 Error(s), 0 Warning(s).
Build target 'UART0_IRQ SIM'
compiling test_procs_p1.c...
linking...
Program Size: Code=7068 RO-data=236 RW-data=164 ZI-data=9660  
"UART_irq.axf" - 0 Error(s), 0 Warning(s).
Build target 'UART0_IRQ SIM'
compiling usr_proc_A.c...
src\user\usr_proc_A.c(25): error:  #5: cannot open source input file "printf.h": No such file or directory
Target not created
Build target 'UART0_IRQ SIM'
compiling list.c...
compiling map.c...
compiling string.c...
compiling system_LPC17xx.c...
compiling crt.c...
src\sys\crt.c(149): warning:  #177-D: variable "receive_pid" was declared but never referenced
compiling hal.c...
compiling isr.c...
compiling timer.c...
compiling uart_polling.c...
compiling main.c...
compiling ipc.c...
compiling mem.c...
compiling process.c...
compiling scheduler.c...
compiling usr_proc_A.c...
src\user\usr_proc_A.c(68): warning:  #550-D: variable "ret_val" was set but never used
src\user\usr_proc_A.c(99): warning:  #550-D: variable "ret_val" was set but never used
compiling null.c...
compiling kcd.c...
src\sysproc\kcd.c(16): warning:  #1293-D: assignment in condition
linking...
Program Size: Code=6664 RO-data=236 RW-data=164 ZI-data=9636  
"os.axf" - 0 Error(s), 4 Warning(s).
Build target 'UART0_IRQ SIM'
compiling test_procs_list.c...
src\user\test_procs_list.c(1): error:  #5: cannot open source input file "../list/list.h": No such file or directory
Target not created
Build target 'UART0_IRQ SIM'
compiling test_procs_list.c...
src\user\test_procs_list.c(1): error:  #5: cannot open source input file "../list/list.h": No such file or directory
Target not created
Build target 'UART0_IRQ SIM'
compiling test_procs_list.c...
src\user\test_procs_list.c(2): error:  #5: cannot open source input file "../printf.h": No such file or directory
Target not created
Build target 'UART0_IRQ SIM'
compiling test_procs_list.c...
src\user\test_procs_list.c(8): warning:  #223-D: function "printf" declared implicitly
src\user\test_procs_list.c(25): warning:  #223-D: function "printf" declared implicitly
src\user\test_procs_list.c(43): warning:  #223-D: function "printf" declared implicitly
src\user\test_procs_list.c(62): warning:  #223-D: function "printf" declared implicitly
src\user\test_procs_list.c(72): warning:  #223-D: function "printf" declared implicitly
linking...
os.axf: Error: L6218E: Undefined symbol g_test_procs (referred from process.o).
os.axf: Error: L6218E: Undefined symbol set_test_procs (referred from process.o).
Target not created
Build target 'UART0_IRQ SIM'
compiling test_procs_list.c...
src\user\test_procs_list.c(8): warning:  #223-D: function "uart1_put_string" declared implicitly
src\user\test_procs_list.c(25): warning:  #223-D: function "printf" declared implicitly
src\user\test_procs_list.c(43): warning:  #223-D: function "printf" declared implicitly
src\user\test_procs_list.c(62): warning:  #223-D: function "printf" declared implicitly
src\user\test_procs_list.c(72): warning:  #223-D: function "printf" declared implicitly
linking...
os.axf: Error: L6218E: Undefined symbol g_test_procs (referred from process.o).
os.axf: Error: L6218E: Undefined symbol set_test_procs (referred from process.o).
os.axf: Error: L6218E: Undefined symbol uart1_put_string (referred from test_procs_list.o).
Target not created
Build target 'UART0_IRQ SIM'
compiling test_procs_list.c...
src\user\test_procs_list.c(26): warning:  #223-D: function "printf" declared implicitly
src\user\test_procs_list.c(44): warning:  #223-D: function "printf" declared implicitly
src\user\test_procs_list.c(63): warning:  #223-D: function "printf" declared implicitly
src\user\test_procs_list.c(73): warning:  #223-D: function "printf" declared implicitly
linking...
os.axf: Error: L6218E: Undefined symbol g_test_procs (referred from process.o).
os.axf: Error: L6218E: Undefined symbol set_test_procs (referred from process.o).
Target not created
Build target 'UART0_IRQ SIM'
compiling test_procs_list.c...
linking...
os.axf: Error: L6218E: Undefined symbol g_test_procs (referred from process.o).
os.axf: Error: L6218E: Undefined symbol set_test_procs (referred from process.o).
Target not created
Build target 'UART0_IRQ SIM'
compiling test_procs_list.c...
src\user\test_procs_list.c(13): error:  #20: identifier "test_new_list" is undefined
src\user\test_procs_list.c(16): error:  #20: identifier "test_one_item" is undefined
src\user\test_procs_list.c(19): error:  #20: identifier "test_push_shift_many_items" is undefined
src\user\test_procs_list.c(22): error:  #20: identifier "test_push_pop_many_items" is undefined
src\user\test_procs_list.c(28): error:  #20: identifier "test_finished" is undefined
Target not created
Build target 'UART0_IRQ SIM'
compiling test_procs_list.c...
src\user\test_procs_list.c(95): error:  #20: identifier "null_proc" is undefined
Target not created
Build target 'UART0_IRQ SIM'
compiling test_procs_list.c...
linking...
Program Size: Code=6724 RO-data=236 RW-data=164 ZI-data=9636  
"os.axf" - 0 Error(s), 0 Warning(s).
Build target 'UART0_IRQ SIM'
compiling test_procs_list.c...
src\user\test_procs_list.c(31): warning:  #223-D: function "set_priority" declared implicitly
src\user\test_procs_list.c(31): error:  #20: identifier "P1" is undefined
Target not created
Build target 'UART0_IRQ SIM'
compiling test_procs_list.c...
src\user\test_procs_list.c(31): error:  #20: identifier "P1" is undefined
Target not created
Build target 'UART0_IRQ SIM'
compiling test_procs_list.c...
linking...
Program Size: Code=6768 RO-data=236 RW-data=164 ZI-data=9636  
"os.axf" - 0 Error(s), 0 Warning(s).
Build target 'UART0_IRQ SIM'
compiling test_procs_list.c...
linking...
Program Size: Code=6804 RO-data=236 RW-data=164 ZI-data=9636  
"os.axf" - 0 Error(s), 0 Warning(s).
Build target 'UART0_IRQ SIM'
compiling test_procs_list.c...
linking...
Program Size: Code=6820 RO-data=236 RW-data=164 ZI-data=9636  
"os.axf" - 0 Error(s), 0 Warning(s).
Build target 'UART0_IRQ SIM'
linking...
Program Size: Code=6820 RO-data=236 RW-data=164 ZI-data=9636  
"os.axf" - 0 Error(s), 0 Warning(s).
Build target 'UART0_IRQ SIM'
compiling test_procs_list.c...
linking...
Program Size: Code=6736 RO-data=236 RW-data=164 ZI-data=9636  
"os.axf" - 0 Error(s), 0 Warning(s).
Build target 'UART0_IRQ SIM'
compiling test_procs_list.c...
src\user\test_procs_list.c(80): warning:  #940-D: missing return statement at end of non-void function "k_run_ktests"
src\user\test_procs_list.c(82): error:  #7: unrecognized token
src\user\test_procs_list.c(82): error:  #65: expected a ";"
src\user\test_procs_list.c(110): warning:  #223-D: function "_run_ktests" declared implicitly
Target not created
Build target 'UART0_IRQ SIM'
compiling test_procs_list.c...
src\user\test_procs_list.c(83): error:  #7: unrecognized token
src\user\test_procs_list.c(83): error:  #65: expected a ";"
src\user\test_procs_list.c(111): warning:  #223-D: function "_run_ktests" declared implicitly
Target not created
Build target 'UART0_IRQ SIM'
compiling test_procs_list.c...
src\user\test_procs_list.c(83): error:  #147-D: declaration is incompatible with "int k_run_ktests()" (declared at line 74)
src\user\test_procs_list.c(111): warning:  #223-D: function "_run_ktests" declared implicitly
Target not created
Build target 'UART0_IRQ SIM'
compiling test_procs_list.c...
linking...
Program Size: Code=6748 RO-data=236 RW-data=164 ZI-data=9636  
"os.axf" - 0 Error(s), 0 Warning(s).
Build target 'UART0_IRQ SIM'
compiling test_procs_list.c...
src\user\test_procs_list.c(93): error:  #20: identifier "run_ktests" is undefined
Target not created
Build target 'UART0_IRQ SIM'
compiling test_procs_list.c...
src\user\test_procs_list.c(87): warning:  #940-D: missing return statement at end of non-void function "run_tests"
src\user\test_procs_list.c(96): warning:  #513-D: a value of type "int (*)()" cannot be assigned to an entity of type "void (*)()"
linking...
Program Size: Code=6752 RO-data=236 RW-data=164 ZI-data=9636  
"os.axf" - 0 Error(s), 2 Warning(s).
Build target 'UART0_IRQ SIM'
compiling test_procs_list.c...
src\user\test_procs_list.c(99): warning:  #513-D: a value of type "int (*)()" cannot be assigned to an entity of type "void (*)()"
linking...
Program Size: Code=6764 RO-data=236 RW-data=164 ZI-data=9636  
"os.axf" - 0 Error(s), 1 Warning(s).
Build target 'UART0_IRQ SIM'
compiling test_procs_list.c...
src\user\test_procs_list.c(99): warning:  #513-D: a value of type "int (*)()" cannot be assigned to an entity of type "void (*)()"
linking...
Program Size: Code=6764 RO-data=236 RW-data=164 ZI-data=9636  
"os.axf" - 0 Error(s), 1 Warning(s).
Build target 'UART0_IRQ SIM'
compiling test_procs_list.c...
linking...
Program Size: Code=6764 RO-data=236 RW-data=164 ZI-data=9636  
"os.axf" - 0 Error(s), 0 Warning(s).
Build target 'UART0_IRQ SIM'
linking...
Program Size: Code=6764 RO-data=236 RW-data=164 ZI-data=9636  
"os.axf" - 0 Error(s), 0 Warning(s).
Build target 'UART0_IRQ SIM'
compiling test_procs_list.c...
linking...
Program Size: Code=6764 RO-data=236 RW-data=164 ZI-data=9636  
"os.axf" - 0 Error(s), 0 Warning(s).
Build target 'UART0_IRQ SIM'
compiling test_procs_list.c...
linking...
Program Size: Code=6764 RO-data=236 RW-data=164 ZI-data=9636  
"os.axf" - 0 Error(s), 0 Warning(s).
Build target 'UART0_IRQ SIM'
compiling test_procs_mem.c...
src\user\test_procs_mem.c(1): error:  #5: cannot open source input file "../mem/mem.h": No such file or directory
Target not created
Build target 'UART0_IRQ SIM'
compiling test_procs_mem.c...
src\user\ktest.fragment.c(19): error:  #20: identifier "g_test_procs" is undefined
src\user\ktest.fragment.c(23): error:  #20: identifier "g_test_procs" is undefined
src\user\ktest.fragment.c(26): error:  #20: identifier "null_proc" is undefined
Target not created
Build target 'UART0_IRQ SIM'
compiling test_procs_mem.c...
src\user\ktest.fragment.c(30): error:  #20: identifier "null_proc" is undefined
Target not created
Build target 'UART0_IRQ SIM'
compiling test_procs_mem.c...
linking...
Program Size: Code=7720 RO-data=236 RW-data=164 ZI-data=9636  
"os.axf" - 0 Error(s), 0 Warning(s).
Build target 'UART0_IRQ SIM'
compiling test_procs_mem.c...
linking...
Program Size: Code=7636 RO-data=236 RW-data=164 ZI-data=9636  
"os.axf" - 0 Error(s), 0 Warning(s).
compiling test_procs_mem.c...
src\user\test_procs_mem.c - 0 Error(s), 0 Warning(s).
Build target 'UART0_IRQ SIM'
linking...
Program Size: Code=7652 RO-data=236 RW-data=164 ZI-data=9636  
"os.axf" - 0 Error(s), 0 Warning(s).
Build target 'UART0_IRQ SIM'
compiling test_procs_mem.c...
linking...
Program Size: Code=7652 RO-data=236 RW-data=164 ZI-data=9636  
"os.axf" - 0 Error(s), 0 Warning(s).
Build target 'UART0_IRQ SIM'
compiling test_procs_mem.c...
linking...
Program Size: Code=7652 RO-data=236 RW-data=164 ZI-data=9636  
"os.axf" - 0 Error(s), 0 Warning(s).
Build target 'UART0_IRQ SIM'
compiling test_procs_mem.c...
linking...
Program Size: Code=7652 RO-data=236 RW-data=164 ZI-data=9636  
"os.axf" - 0 Error(s), 0 Warning(s).
Build target 'UART0_IRQ SIM'
compiling usr_proc_contextSwitching.c...
src\user\usr_proc_contextSwitching.c(40): warning:  #550-D: variable "ret_val" was set but never used
src\user\usr_proc_contextSwitching.c(61): warning:  #550-D: variable "ret_val" was set but never used
linking...
os.axf: Error: L6200E: Symbol g_test_procs multiply defined (by usr_proc_contextswitching.o and test_procs_mem.o).
os.axf: Error: L6200E: Symbol set_test_procs multiply defined (by usr_proc_contextswitching.o and test_procs_mem.o).
Target not created
Build target 'UART0_IRQ SIM'
linking...
Program Size: Code=6372 RO-data=236 RW-data=164 ZI-data=9636  
"os.axf" - 0 Error(s), 0 Warning(s).
Build target 'UART0_IRQ SIM'
compiling list.c...
compiling map.c...
compiling crt.c...
src\sys\crt.c(149): warning:  #177-D: variable "receive_pid" was declared but never referenced
compiling timer.c...
compiling main.c...
compiling ipc.c...
compiling mem.c...
compiling process.c...
compiling scheduler.c...
compiling usr_proc_contextSwitching.c...
src\user\usr_proc_contextSwitching.c(40): warning:  #550-D: variable "ret_val" was set but never used
src\user\usr_proc_contextSwitching.c(61): warning:  #550-D: variable "ret_val" was set but never used
compiling null.c...
compiling kcd.c...
src\sysproc\kcd.c(16): warning:  #1293-D: assignment in condition
linking...
Program Size: Code=6308 RO-data=236 RW-data=164 ZI-data=9396  
"os.axf" - 0 Error(s), 4 Warning(s).
Build target 'UART0_IRQ SIM'
compiling crt.c...
linking...
os.axf: Warning: L6304W: Duplicate input file crt.o ignored.
os.axf: Error: L6218E: Undefined symbol c_UART0_IRQ_Handler (referred from isr.o).
os.axf: Error: L6218E: Undefined symbol uart_irq_init (referred from main.o).
os.axf: Error: L6218E: Undefined symbol g_test_procs (referred from process.o).
os.axf: Error: L6218E: Undefined symbol set_test_procs (referred from process.o).
Target not created
Build target 'UART0_IRQ SIM'
compiling crt.c...
crt.c: Error:  #5: cannot open source input file "src\sys\crt.c": No such file or directory
Target not created
Build target 'UART0_IRQ SIM'
compiling uart.c...
src\sys\uart.c(3): error:  #5: cannot open source input file "crt.h": No such file or directory
compiling main.c...
src\core\main.c(13): error:  #5: cannot open source input file "../sys/crt.h": No such file or directory
compiling process.c...
src\core\process.c(12): error:  #5: cannot open source input file "../sys/crt.h": No such file or directory
compiling kcd.c...
src\sysproc\kcd.c(4): error:  #5: cannot open source input file "../sys/crt.h": No such file or directory
compiling crt.c...
Target not created
Build target 'UART0_IRQ SIM'
compiling uart.c...
src\sys\uart.c(128): error:  #20: identifier "IER_RBR" is undefined
src\sys\uart.c(128): error:  #20: identifier "IER_RLS" is undefined
src\sys\uart.c(154): error:  #20: identifier "IIR_RDA" is undefined
src\sys\uart.c(174): error:  #20: identifier "IIR_THRE" is undefined
src\sys\uart.c(184): error:  #20: identifier "IER_THRE" is undefined
src\sys\uart.c(149): warning:  #177-D: variable "receive_pid" was declared but never referenced
compiling main.c...
src\core\main.c(13): error:  #5: cannot open source input file "../sys/crt.h": No such file or directory
compiling process.c...
src\core\process.c(12): error:  #5: cannot open source input file "../sys/crt.h": No such file or directory
compiling kcd.c...
src\sysproc\kcd.c(4): error:  #5: cannot open source input file "../sys/crt.h": No such file or directory
Target not created
Build target 'UART0_IRQ SIM'
compiling uart.c...
src\sys\uart.c(129): error:  #20: identifier "IER_RBR" is undefined
src\sys\uart.c(129): error:  #20: identifier "IER_RLS" is undefined
src\sys\uart.c(155): error:  #20: identifier "IIR_RDA" is undefined
src\sys\uart.c(175): error:  #20: identifier "IIR_THRE" is undefined
src\sys\uart.c(185): error:  #20: identifier "IER_THRE" is undefined
src\sys\uart.c(150): warning:  #177-D: variable "receive_pid" was declared but never referenced
compiling main.c...
src\core\main.c(13): error:  #5: cannot open source input file "../sys/crt.h": No such file or directory
compiling process.c...
src\core\process.c(12): error:  #5: cannot open source input file "../sys/crt.h": No such file or directory
compiling kcd.c...
src\sysproc\kcd.c(4): error:  #5: cannot open source input file "../sys/crt.h": No such file or directory
Target not created
Build target 'UART0_IRQ SIM'
compiling uart.c...
src\sys\uart.c(149): warning:  #177-D: variable "receive_pid" was declared but never referenced
compiling main.c...
src\core\main.c(13): error:  #5: cannot open source input file "../sys/crt.h": No such file or directory
compiling process.c...
src\core\process.c(12): error:  #5: cannot open source input file "../sys/crt.h": No such file or directory
compiling kcd.c...
src\sysproc\kcd.c(4): error:  #5: cannot open source input file "../sys/crt.h": No such file or directory
Target not created
Build target 'UART0_IRQ SIM'
compiling main.c...
src\core\main.c(13): error:  #5: cannot open source input file "../sys/crt.h": No such file or directory
compiling process.c...
src\core\process.c(12): error:  #5: cannot open source input file "../sys/crt.h": No such file or directory
compiling kcd.c...
src\sysproc\kcd.c(16): warning:  #1293-D: assignment in condition
Target not created
Build target 'UART0_IRQ SIM'
compiling main.c...
src\core\main.c(13): error:  #5: cannot open source input file "../sys/crt.h": No such file or directory
compiling process.c...
Target not created
Build target 'UART0_IRQ SIM'
compiling main.c...
linking...
os.axf: Error: L6218E: Undefined symbol g_test_procs (referred from process.o).
os.axf: Error: L6218E: Undefined symbol set_test_procs (referred from process.o).
Target not created
Build target 'UART0_IRQ SIM'
compiling test_procs_p2.c...
src\user\test_procs_p2.c(43): warning:  #175-D: subscript out of range
src\user\test_procs_p2.c(44): warning:  #175-D: subscript out of range
src\user\test_procs_p2.c(45): warning:  #175-D: subscript out of range
src\user\test_procs_p2.c(46): warning:  #175-D: subscript out of range
linking...
Program Size: Code=7120 RO-data=236 RW-data=164 ZI-data=9420  
"os.axf" - 0 Error(s), 4 Warning(s).
Build target 'UART0_IRQ SIM'
compiling list.c...
compiling map.c...
compiling timer.c...
compiling uart.c...
src\sys\uart.c(149): warning:  #177-D: variable "receive_pid" was declared but never referenced
compiling main.c...
compiling ipc.c...
compiling mem.c...
compiling process.c...
compiling scheduler.c...
compiling test_procs_p2.c...
compiling null.c...
compiling kcd.c...
src\sysproc\kcd.c(16): warning:  #1293-D: assignment in condition
linking...
Program Size: Code=7184 RO-data=236 RW-data=164 ZI-data=9660  
"os.axf" - 0 Error(s), 2 Warning(s).
Build target 'UART0_IRQ SIM'
compiling uart.c...
linking...
Program Size: Code=7184 RO-data=236 RW-data=164 ZI-data=9660  
"os.axf" - 0 Error(s), 0 Warning(s).
Build target 'UART0_IRQ SIM'
compiling uart.c...
src\sys\uart.c(157): warning:  #223-D: function "get_input_buffer_size" declared implicitly
compiling main.c...
src\core\main.c(25): warning:  #223-D: function "uart_irq_init" declared implicitly
compiling process.c...
src\core\process.c(63): error:  #20: identifier "c_UART0_IRQ_Handler" is undefined
compiling kcd.c...
src\sysproc\kcd.c(16): warning:  #1293-D: assignment in condition
Target not created
Build target 'UART0_IRQ SIM'
compiling uart.c...
compiling main.c...
compiling process.c...
compiling kcd.c...
src\sysproc\kcd.c(16): warning:  #1293-D: assignment in condition
linking...
Program Size: Code=7184 RO-data=236 RW-data=164 ZI-data=9660  
"os.axf" - 0 Error(s), 1 Warning(s).
Build target 'UART0_IRQ SIM'
compiling string.c...
src\util\string.c(22): warning:  #1293-D: assignment in condition
compiling uart.c...
compiling process.c...
src\core\process.c(50): error:  #20: identifier "crt_proc" is undefined
compiling kcd.c...
src\sysproc\kcd.c(26): warning:  #223-D: function "hash_string" declared implicitly
src\sysproc\kcd.c(26): error:  #513: a value of type "int" cannot be assigned to an entity of type "void *"
src\sysproc\kcd.c(42): warning:  #223-D: function "hash_string" declared implicitly
src\sysproc\kcd.c(42): error:  #513: a value of type "int" cannot be assigned to an entity of type "void *"
compiling crt.c...
src\sysproc\crt.c(4): error:  #20: identifier "msgbuf" is undefined
src\sysproc\crt.c(4): error:  #20: identifier "buf" is undefined
src\sysproc\crt.c(6): warning:  #223-D: function "set_process_priority" declared implicitly
src\sysproc\crt.c(6): error:  #20: identifier "PID_KCD" is undefined
src\sysproc\crt.c(6): error:  #20: identifier "HIGH" is undefined
src\sysproc\crt.c(8): warning:  #223-D: function "receive_message" declared implicitly
src\sysproc\crt.c(8): error:  #20: identifier "pid_from" is undefined
Target not created
Build target 'UART0_IRQ SIM'
compiling process.c...
src\core\process.c(50): error:  #20: identifier "crt_proc" is undefined
compiling kcd.c...
compiling crt.c...
src\sysproc\crt.c(4): error:  #20: identifier "msgbuf" is undefined
src\sysproc\crt.c(4): error:  #20: identifier "buf" is undefined
src\sysproc\crt.c(6): warning:  #223-D: function "set_process_priority" declared implicitly
src\sysproc\crt.c(6): error:  #20: identifier "PID_KCD" is undefined
src\sysproc\crt.c(6): error:  #20: identifier "HIGH" is undefined
src\sysproc\crt.c(8): warning:  #223-D: function "receive_message" declared implicitly
src\sysproc\crt.c(8): error:  #20: identifier "pid_from" is undefined
Target not created
Build target 'UART0_IRQ SIM'
compiling uart.c...
compiling main.c...
compiling process.c...
compiling kcd.c...
compiling crt.c...
src\sysproc\crt.c(4): error:  #20: identifier "msgbuf" is undefined
src\sysproc\crt.c(4): error:  #20: identifier "buf" is undefined
src\sysproc\crt.c(6): warning:  #223-D: function "set_process_priority" declared implicitly
src\sysproc\crt.c(6): error:  #20: identifier "PID_KCD" is undefined
src\sysproc\crt.c(6): error:  #20: identifier "HIGH" is undefined
src\sysproc\crt.c(8): warning:  #223-D: function "receive_message" declared implicitly
src\sysproc\crt.c(8): error:  #20: identifier "pid_from" is undefined
Target not created
Build target 'UART0_IRQ SIM'
compiling crt.c...
src\sysproc\crt.c(10): error:  #20: identifier "pid_from" is undefined
src\sysproc\crt.c(6): warning:  #550-D: variable "buf" was set but never used
Target not created
Build target 'UART0_IRQ SIM'
compiling crt.c...
src\sysproc\crt.c(6): warning:  #550-D: variable "buf" was set but never used
linking...
Program Size: Code=7228 RO-data=236 RW-data=164 ZI-data=9660  
"os.axf" - 0 Error(s), 1 Warning(s).
Build target 'UART0_IRQ SIM'
compiling crt.c...
src\sysproc\crt.c(12): warning:  #223-D: function "UART0_IRQHandler" declared implicitly
src\sysproc\crt.c(6): warning:  #550-D: variable "buf" was set but never used
linking...
Program Size: Code=7232 RO-data=236 RW-data=164 ZI-data=9660  
"os.axf" - 0 Error(s), 2 Warning(s).
Build target 'UART0_IRQ SIM'
compiling main.c...
src\core\main.c(21): warning:  #177-D: variable "pUart" was declared but never referenced
compiling crt.c...
src\sysproc\crt.c(9): error:  #20: identifier "pUart" is undefined
src\sysproc\crt.c(9): error:  #20: identifier "LPC_UART_TypeDef" is undefined
src\sysproc\crt.c(9): error:  #29: expected an expression
src\sysproc\crt.c(9): error:  #65: expected a ";"
src\sysproc\crt.c(10): error:  #20: identifier "IER_THRE" is undefined
src\sysproc\crt.c(10): error:  #20: identifier "IER_RLS" is undefined
src\sysproc\crt.c(10): error:  #20: identifier "IER_RBR" is undefined
src\sysproc\crt.c(6): warning:  #550-D: variable "buf" was set but never used
Target not created
Build target 'UART0_IRQ SIM'
compiling main.c...
src\core\main.c(21): warning:  #177-D: variable "pUart" was declared but never referenced
compiling crt.c...
src\sysproc\crt.c(9): error:  #20: identifier "pUart" is undefined
src\sysproc\crt.c(9): error:  #20: identifier "LPC_UART_TypeDef" is undefined
src\sysproc\crt.c(9): error:  #29: expected an expression
src\sysproc\crt.c(9): error:  #65: expected a ";"
src\sysproc\crt.c(10): error:  #20: identifier "IER_THRE" is undefined
src\sysproc\crt.c(10): error:  #20: identifier "IER_RLS" is undefined
src\sysproc\crt.c(10): error:  #20: identifier "IER_RBR" is undefined
src\sysproc\crt.c(6): warning:  #550-D: variable "buf" was set but never used
Target not created
Build target 'UART0_IRQ SIM'
compiling main.c...
src\core\main.c(17): warning:  #177-D: variable "pUart" was declared but never referenced
compiling crt.c...
src\sysproc\crt.c(10): error:  #20: identifier "pUart" is undefined
src\sysproc\crt.c(10): error:  #20: identifier "LPC_UART_TypeDef" is undefined
src\sysproc\crt.c(10): error:  #29: expected an expression
src\sysproc\crt.c(10): error:  #65: expected a ";"
src\sysproc\crt.c(7): warning:  #550-D: variable "buf" was set but never used
Target not created
Build target 'UART0_IRQ SIM'
compiling main.c...
compiling crt.c...
src\sysproc\crt.c(9): error:  #20: identifier "LPC_UART_TypeDef" is undefined
src\sysproc\crt.c(9): error:  #20: identifier "pUart" is undefined
src\sysproc\crt.c(11): error:  #29: expected an expression
src\sysproc\crt.c(11): error:  #65: expected a ";"
src\sysproc\crt.c(7): warning:  #550-D: variable "buf" was set but never used
Target not created
Build target 'UART0_IRQ SIM'
compiling main.c...
src\core\main.c(16): warning:  #223-D: function "uart_irq_init" declared implicitly
src\core\main.c(17): warning:  #223-D: function "uart1_init" declared implicitly
compiling crt.c...
src\sysproc\crt.c(11): error:  #20: identifier "LPC_UART_TypeDef" is undefined
src\sysproc\crt.c(11): error:  #20: identifier "pUart" is undefined
src\sysproc\crt.c(13): error:  #29: expected an expression
src\sysproc\crt.c(13): error:  #65: expected a ";"
src\sysproc\crt.c(9): warning:  #550-D: variable "buf" was set but never used
Target not created
Build target 'UART0_IRQ SIM'
compiling main.c...
compiling crt.c...
src\sysproc\crt.c(11): error:  #20: identifier "LPC_UART_TypeDef" is undefined
src\sysproc\crt.c(11): error:  #20: identifier "pUart" is undefined
src\sysproc\crt.c(14): error:  #29: expected an expression
src\sysproc\crt.c(14): error:  #65: expected a ";"
src\sysproc\crt.c(9): warning:  #550-D: variable "buf" was set but never used
Target not created
Build target 'UART0_IRQ SIM'
compiling main.c...
src\core\main.c(14): warning:  #223-D: function "SystemInit" declared implicitly
compiling crt.c...
src\sysproc\crt.c(9): warning:  #550-D: variable "buf" was set but never used
linking...
Program Size: Code=7224 RO-data=236 RW-data=164 ZI-data=9660  
"os.axf" - 0 Error(s), 2 Warning(s).
Build target 'UART0_IRQ SIM'
compiling main.c...
linking...
Program Size: Code=7224 RO-data=236 RW-data=164 ZI-data=9660  
"os.axf" - 0 Error(s), 0 Warning(s).
Build target 'UART0_IRQ SIM'
compiling process.c...
linking...
Program Size: Code=7224 RO-data=236 RW-data=164 ZI-data=9660  
"os.axf" - 0 Error(s), 0 Warning(s).
Build target 'UART0_IRQ SIM'
compiling crt.c...
src\sysproc\crt.c(9): warning:  #550-D: variable "buf" was set but never used
linking...
Program Size: Code=7232 RO-data=236 RW-data=164 ZI-data=9660  
"os.axf" - 0 Error(s), 1 Warning(s).
compiling scheduler.c...
src\core\scheduler.c - 0 Error(s), 0 Warning(s).
Build target 'UART0_IRQ SIM'
compiling crt.c...
src\sysproc\crt.c(9): warning:  #177-D: variable "buf" was declared but never referenced
src\sysproc\crt.c(10): warning:  #177-D: variable "pid_from" was declared but never referenced
linking...
Program Size: Code=7216 RO-data=236 RW-data=164 ZI-data=9660  
"os.axf" - 0 Error(s), 2 Warning(s).
Build target 'UART0_IRQ SIM'
compiling uart.c...
src\sys\uart.c(202): error:  #167: argument of type "int (*)(void)" is incompatible with parameter of type "int"
compiling process.c...
compiling kcd.c...
compiling crt.c...
Target not created
Build target 'UART0_IRQ SIM'
compiling uart.c...
linking...
Program Size: Code=7264 RO-data=236 RW-data=164 ZI-data=9660  
"os.axf" - 0 Error(s), 0 Warning(s).
Build target 'UART0_IRQ SIM'
compiling uart.c...
src\sys\uart.c(202): error:  #20: identifier "pUart" is undefined
src\sys\uart.c(202): error:  #20: identifier "IER_THERE" is undefined
compiling crt.c...
src\sysproc\crt.c(20): warning:  #223-D: function "release_buffer" declared implicitly
src\sysproc\crt.c(11): warning:  #550-D: variable "pUart" was set but never used
Target not created
Build target 'UART0_IRQ SIM'
compiling uart.c...
src\sys\uart.c(202): error:  #20: identifier "IER_THERE" is undefined
Target not created
Build target 'UART0_IRQ SIM'
compiling uart.c...
linking...
os.axf: Error: L6218E: Undefined symbol release_buffer (referred from crt.o).
Target not created
Build target 'UART0_IRQ SIM'
compiling crt.c...
src\sysproc\crt.c(11): warning:  #550-D: variable "pUart" was set but never used
linking...
Program Size: Code=7348 RO-data=236 RW-data=168 ZI-data=9664  
"os.axf" - 0 Error(s), 1 Warning(s).
Build target 'UART0_IRQ SIM'
compiling crt.c...
linking...
Program Size: Code=7348 RO-data=236 RW-data=168 ZI-data=9664  
"os.axf" - 0 Error(s), 0 Warning(s).
Build target 'UART0_IRQ SIM'
compiling list.c...
src\util\list.c(146): warning:  #223-D: function "uart0_put_char" declared implicitly
src\util\list.c(149): warning:  #223-D: function "uart0_put_string" declared implicitly
compiling uart_polling.c...
compiling uart.c...
src\sys\uart.c(168): warning:  #223-D: function "uart0_put_char" declared implicitly
compiling main.c...
compiling ipc.c...
compiling mem.c...
compiling scheduler.c...
compiling test_procs_p2.c...
compiling null.c...
compiling kcd.c...
src\sysproc\kcd.c(37): warning:  #223-D: function "uart0_put_string" declared implicitly
linking...
os.axf: Error: L6218E: Undefined symbol uart0_put_char (referred from list.o).
os.axf: Error: L6218E: Undefined symbol uart0_put_string (referred from list.o).
Target not created
Build target 'UART0_IRQ SIM'
linking...
os.axf: Error: L6218E: Undefined symbol uart0_put_char (referred from list.o).
os.axf: Error: L6218E: Undefined symbol uart0_put_string (referred from list.o).
Target not created
compiling list.c...
src\util\list.c(146): warning:  #223-D: function "uart0_put_char" declared implicitly
src\util\list.c(149): warning:  #223-D: function "uart0_put_string" declared implicitly
src\util\list.c - 0 Error(s), 2 Warning(s).
Rebuild target 'UART0_IRQ SIM'
compiling list.c...
src\util\list.c(146): warning:  #223-D: function "uart0_put_char" declared implicitly
src\util\list.c(149): warning:  #223-D: function "uart0_put_string" declared implicitly
compiling map.c...
compiling string.c...
src\util\string.c(22): warning:  #1293-D: assignment in condition
assembling startup_LPC17xx.s...
compiling system_LPC17xx.c...
compiling hal.c...
compiling isr.c...
compiling timer.c...
compiling uart_polling.c...
compiling uart.c...
src\sys\uart.c(168): warning:  #223-D: function "uart0_put_char" declared implicitly
compiling main.c...
compiling ipc.c...
compiling mem.c...
compiling process.c...
compiling scheduler.c...
compiling test_procs_p2.c...
compiling null.c...
compiling kcd.c...
src\sysproc\kcd.c(37): warning:  #223-D: function "uart0_put_string" declared implicitly
compiling crt.c...
linking...
os.axf: Error: L6218E: Undefined symbol uart0_put_char (referred from list.o).
os.axf: Error: L6218E: Undefined symbol uart0_put_string (referred from list.o).
Target not created
Build target 'UART0_IRQ SIM'
compiling list.c...
compiling uart.c...
src\sys\uart.c(168): warning:  #223-D: function "uart0_put_char" declared implicitly
linking...
os.axf: Error: L6218E: Undefined symbol uart0_put_char (referred from uart.o).
os.axf: Error: L6218E: Undefined symbol uart0_put_string (referred from kcd.o).
Target not created
Build target 'UART0_IRQ SIM'
compiling uart.c...
compiling process.c...
compiling kcd.c...
src\sysproc\kcd.c(37): warning:  #223-D: function "uart0_put_string" declared implicitly
compiling crt.c...
src\sysproc\crt.c(24): error:  #20: identifier "msgbug" is undefined
src\sysproc\crt.c(24): error:  #20: identifier "buf" is undefined
src\sysproc\crt.c(32): error:  #20: identifier "msgbug" is undefined
src\sysproc\crt.c(32): error:  #20: identifier "buf" is undefined
src\sysproc\crt.c(34): warning:  #223-D: function "strncpy" declared implicitly
Target not created
Build target 'UART0_IRQ SIM'
compiling crt.c...
src\sysproc\crt.c(34): warning:  #223-D: function "strncpy" declared implicitly
linking...
Program Size: Code=7428 RO-data=236 RW-data=168 ZI-data=9664  
"os.axf" - 0 Error(s), 1 Warning(s).
Build target 'UART0_IRQ SIM'
compiling crt.c...
src\sysproc\crt.c(35): warning:  #167-D: argument of type "const unsigned char *" is incompatible with parameter of type "const char *"
linking...
Program Size: Code=7428 RO-data=236 RW-data=168 ZI-data=9664  
"os.axf" - 0 Error(s), 1 Warning(s).
Build target 'UART0_IRQ SIM'
compiling crt.c...
linking...
Program Size: Code=7428 RO-data=236 RW-data=168 ZI-data=9664  
"os.axf" - 0 Error(s), 0 Warning(s).
Build target 'UART0_IRQ SIM'
compiling uart.c...
linking...
Program Size: Code=7420 RO-data=236 RW-data=168 ZI-data=9664  
"os.axf" - 0 Error(s), 0 Warning(s).
Build target 'UART0_IRQ SIM'
compiling uart.c...
linking...
Program Size: Code=7396 RO-data=236 RW-data=168 ZI-data=9664  
"os.axf" - 0 Error(s), 0 Warning(s).
compiling crt.c...
src\sysproc\crt.c - 0 Error(s), 0 Warning(s).
Build target 'UART0_IRQ SIM'
compiling uart.c...
linking...
Program Size: Code=7396 RO-data=236 RW-data=168 ZI-data=9664  
"os.axf" - 0 Error(s), 0 Warning(s).
Build target 'UART0_IRQ SIM'
compiling uart.c...
linking...
Program Size: Code=7420 RO-data=236 RW-data=168 ZI-data=9664  
"os.axf" - 0 Error(s), 0 Warning(s).
Build target 'UART0_IRQ SIM'
compiling uart.c...
compiling crt.c...
linking...
Program Size: Code=7424 RO-data=236 RW-data=168 ZI-data=9664  
"os.axf" - 0 Error(s), 0 Warning(s).
Build target 'UART0_IRQ SIM'
compiling uart.c...
linking...
Program Size: Code=7432 RO-data=236 RW-data=168 ZI-data=9664  
"os.axf" - 0 Error(s), 0 Warning(s).
Build target 'UART0_IRQ SIM'
compiling uart.c...
linking...
Program Size: Code=7408 RO-data=236 RW-data=168 ZI-data=9664  
"os.axf" - 0 Error(s), 0 Warning(s).
Build target 'UART0_IRQ SIM'
linking...
Program Size: Code=7408 RO-data=236 RW-data=168 ZI-data=9664  
"os.axf" - 0 Error(s), 0 Warning(s).
Build target 'UART0_IRQ SIM'
compiling uart.c...
linking...
Program Size: Code=7420 RO-data=236 RW-data=168 ZI-data=9664  
"os.axf" - 0 Error(s), 0 Warning(s).
Build target 'UART0_IRQ SIM'
linking...
Program Size: Code=7420 RO-data=236 RW-data=168 ZI-data=9664  
"os.axf" - 0 Error(s), 0 Warning(s).
Build target 'UART0_IRQ SIM'
compiling uart.c...
linking...
Program Size: Code=7408 RO-data=236 RW-data=168 ZI-data=9664  
"os.axf" - 0 Error(s), 0 Warning(s).
Build target 'UART0_IRQ SIM'
compiling uart.c...
linking...
Program Size: Code=7432 RO-data=236 RW-data=168 ZI-data=9664  
"os.axf" - 0 Error(s), 0 Warning(s).
Build target 'UART0_IRQ SIM'
compiling uart.c...
linking...
Program Size: Code=7444 RO-data=236 RW-data=176 ZI-data=9664  
"os.axf" - 0 Error(s), 0 Warning(s).
Build target 'UART0_IRQ SIM'
compiling uart.c...
compiling process.c...
compiling kcd.c...
src\sysproc\kcd.c(37): warning:  #223-D: function "uart0_put_string" declared implicitly
compiling crt.c...
src\sysproc\crt.c(12): warning:  #550-D: variable "pUart" was set but never used
linking...
Program Size: Code=7436 RO-data=236 RW-data=176 ZI-data=9664  
"os.axf" - 0 Error(s), 2 Warning(s).
Build target 'UART0_IRQ SIM'
compiling uart.c...
compiling process.c...
compiling kcd.c...
src\sysproc\kcd.c(37): warning:  #223-D: function "uart0_put_string" declared implicitly
compiling crt.c...
src\sysproc\crt.c(12): warning:  #550-D: variable "pUart" was set but never used
linking...
Program Size: Code=7436 RO-data=236 RW-data=176 ZI-data=9664  
"os.axf" - 0 Error(s), 2 Warning(s).
Build target 'UART0_IRQ SIM'
compiling kcd.c...
src\sysproc\../sysproc/crt.h(5): error:  #79: expected a type specifier
src\sysproc\../sysproc/crt.h(5): error:  #147: declaration is incompatible with "int uart_put_char(int, unsigned char)" (declared at line 38 of "src\sysproc\../sys/uart_polling.h")
src\sysproc\kcd.c(38): warning:  #223-D: function "uart0_put_string" declared implicitly
Target not created
Build target 'UART0_IRQ SIM'
compiling process.c...
compiling kcd.c...
src\sysproc\../sysproc/crt.h(5): error:  #79: expected a type specifier
src\sysproc\../sysproc/crt.h(5): error:  #147: declaration is incompatible with "int uart_put_char(int, unsigned char)" (declared at line 38 of "src\sysproc\../sys/uart_polling.h")
src\sysproc\kcd.c(38): warning:  #223-D: function "uart0_put_string" declared implicitly
compiling crt.c...
src\sysproc\crt.c(12): warning:  #550-D: variable "pUart" was set but never used
Target not created
Build target 'UART0_IRQ SIM'
compiling process.c...
compiling kcd.c...
compiling crt.c...
src\sysproc\crt.c(12): warning:  #550-D: variable "pUart" was set but never used
linking...
Program Size: Code=7436 RO-data=236 RW-data=176 ZI-data=9664  
"os.axf" - 0 Error(s), 1 Warning(s).
Build target 'UART0_IRQ SIM'
compiling crt.c...
src\sysproc\crt.c(14): error:  #20: identifier "pUart" is undefined
Target not created
Build target 'UART0_IRQ SIM'
compiling crt.c...
linking...
Program Size: Code=7432 RO-data=236 RW-data=176 ZI-data=9664  
"os.axf" - 0 Error(s), 0 Warning(s).
Build target 'UART0_IRQ SIM'
compiling test_procs_p2.c...
src\user\test_procs_p2.c(69): warning:  #223-D: function "uart1_put_string" declared implicitly
src\user\test_procs_p2.c(99): warning:  #223-D: function "uart1_put_char" declared implicitly
src\user\test_procs_p2.c(110): warning:  #223-D: function "uart1_put_char" declared implicitly
linking...
os.axf: Error: L6218E: Undefined symbol uart1_put_char (referred from test_procs_p2.o).
os.axf: Error: L6218E: Undefined symbol uart1_put_string (referred from test_procs_p2.o).
Target not created
Build target 'UART0_IRQ SIM'
compiling process.c...
compiling test_procs_p2.c...
compiling kcd.c...
src\sysproc\kcd.c(38): warning:  #223-D: function "uart0_put_string" declared implicitly
compiling crt.c...
linking...
os.axf: Error: L6218E: Undefined symbol uart0_put_string (referred from kcd.o).
Target not created
Build target 'UART0_IRQ SIM'
compiling kcd.c...
linking...
Program Size: Code=7404 RO-data=236 RW-data=176 ZI-data=9664  
"os.axf" - 0 Error(s), 0 Warning(s).
Build target 'UART0_IRQ SIM'
compiling test_procs_p2.c...
linking...
Program Size: Code=7400 RO-data=236 RW-data=176 ZI-data=9664  
"os.axf" - 0 Error(s), 0 Warning(s).
